"Req","MilkShakeService.melt","HotdogService.addMustard","HotdogService.addKechup","HamburgerService.removeTheCheese","HamburgerService.addBacon","FooService.calculateFooness","BotaService.calculateBotanamus","BooService.handleTooMuchBoo"
"SW001",X,,,,,,,X
"SW002",,,X,,,,,X
"SW003",,X,,X,,X,,X
"SE004",,,,,,X,,