| Req   | FooService.calcuateFooness | BooService.handleTooMuchBoo | HotdogService.addKechup | HotdogService.addMustard | HamburgerService.removeTheCheese | HamburgerService.addBacon  | MilkShakeService.melt |
| SW001 |                            |              X              |                         |                          |                                  |                            |           X           |
| SW002 |                            |              X              |           X             |                          |                                  |                            |                       |
| SW003 |             X              |              X              |                         |            X             |                 X                |                            |                       |
| SE004 |             X              |                             |                         |                          |                                  |                            |                       |
