| Req   | MilkShakeService.melt | HotdogService.addMustard | HotdogService.addKechup | HamburgerService.removeTheCheese | HamburgerService.addBacon | FooService.calculateFooness | FooBarService.handleFooBar | BotaService.calculateBotanamus | BooService.handleTooMuchBoo |
| SW003 |                       |              X           |                         |            X                     |                           |              X              |                            |                                |              X              |
| SW002 |                       |                          |           X             |                                  |                           |                             |                            |                                |              X              |
| SW001 |             X         |                          |                         |                                  |                           |                             |                            |                                |              X              |
| SE004 |                       |                          |                         |                                  |                           |              X              |                            |                                |                             |
