package com.ngc.seaside.test1.model1.api;

import com.ngc.seaside.service.fault.api.ServiceFaultException;

import com.ngc.seaside.test1.model1.events.Data1;
import com.ngc.seaside.test1.model1.events.Data3;
import com.ngc.seaside.test1.model1.events.Data5Data;
import com.ngc.seaside.test1.model1.events.Data2;
import com.ngc.seaside.test1.model1.events.Data4;


public interface IModel1 {
    Data2 scenarioBehavior (Data1 data1) throws ServiceFaultException;
}
